// Jest Snapshot v1, https://goo.gl/fbAQLP

exports[`testing the calculator snapshots 1`] = `
<div
  className="calculator-main"
>
  <div
    className="main-title-div"
  >
    <h1
      className="main-title"
    >
      Lets do some math!
    </h1>
  </div>
  <div
    className="calculator"
  >
    <input
      className="calculator-screen"
      disabled={true}
      id="calc-screen"
      type="text"
      value="0"
    />
    <div
      className="calculator-keys"
    >
      <button
        className="all-clear"
        name="AC"
        onClick={[Function]}
        type="button"
      >
        AC
      </button>
      <button
        className="Plus-minus"
        name="+/-"
        onClick={[Function]}
        type="button"
      >
        +/-
      </button>
      <button
        className="oprator"
        name="%"
        onClick={[Function]}
        type="button"
      >
        %
      </button>
      <button
        className="operator"
        name="+"
        onClick={[Function]}
        type="button"
      >
        +
      </button>
      <button
        className="number"
        name="7"
        onClick={[Function]}
        type="button"
      >
        7
      </button>
      <button
        className="number"
        name="8"
        onClick={[Function]}
        type="button"
      >
        8
      </button>
      <button
        className="number"
        name="9"
        onClick={[Function]}
        type="button"
      >
        9
      </button>
      <button
        className="operator"
        name="x"
        onClick={[Function]}
        type="button"
      >
        ×
      </button>
      <button
        className="number"
        name="4"
        onClick={[Function]}
        type="button"
      >
        4
      </button>
      <button
        className="number"
        name="5"
        onClick={[Function]}
        type="button"
      >
        5
      </button>
      <button
        className="number"
        name="6"
        onClick={[Function]}
        type="button"
      >
        6
      </button>
      <button
        className="operator"
        name="-"
        onClick={[Function]}
        type="button"
      >
        -
      </button>
      <button
        className="number"
        name="1"
        onClick={[Function]}
        type="button"
      >
        1
      </button>
      <button
        className="number"
        name="2"
        onClick={[Function]}
        type="button"
      >
        2
      </button>
      <button
        className="number"
        name="3"
        onClick={[Function]}
        type="button"
      >
        3
      </button>
      <button
        className="operator"
        name="÷"
        onClick={[Function]}
        type="button"
      >
        ÷
      </button>
      <button
        className="number zero"
        name="0"
        onClick={[Function]}
        type="button"
      >
        0
      </button>
      <button
        className="number"
        name="."
        onClick={[Function]}
        type="button"
      >
        .
      </button>
      <button
        className="operator"
        name="="
        onClick={[Function]}
        type="button"
      >
        =
      </button>
    </div>
  </div>
</div>
`;

exports[`testing the calculator testing the calculator 1`] = `
<div
  className="calculator-main"
>
  <div
    className="main-title-div"
  >
    <h1
      className="main-title"
    >
      Lets do some math!
    </h1>
  </div>
  <div
    className="calculator"
  >
    <input
      className="calculator-screen"
      disabled={true}
      id="calc-screen"
      type="text"
      value="0"
    />
    <div
      className="calculator-keys"
    >
      <button
        className="all-clear"
        name="AC"
        onClick={[Function]}
        type="button"
      >
        AC
      </button>
      <button
        className="Plus-minus"
        name="+/-"
        onClick={[Function]}
        type="button"
      >
        +/-
      </button>
      <button
        className="oprator"
        name="%"
        onClick={[Function]}
        type="button"
      >
        %
      </button>
      <button
        className="operator"
        name="+"
        onClick={[Function]}
        type="button"
      >
        +
      </button>
      <button
        className="number"
        name="7"
        onClick={[Function]}
        type="button"
      >
        7
      </button>
      <button
        className="number"
        name="8"
        onClick={[Function]}
        type="button"
      >
        8
      </button>
      <button
        className="number"
        name="9"
        onClick={[Function]}
        type="button"
      >
        9
      </button>
      <button
        className="operator"
        name="x"
        onClick={[Function]}
        type="button"
      >
        ×
      </button>
      <button
        className="number"
        name="4"
        onClick={[Function]}
        type="button"
      >
        4
      </button>
      <button
        className="number"
        name="5"
        onClick={[Function]}
        type="button"
      >
        5
      </button>
      <button
        className="number"
        name="6"
        onClick={[Function]}
        type="button"
      >
        6
      </button>
      <button
        className="operator"
        name="-"
        onClick={[Function]}
        type="button"
      >
        -
      </button>
      <button
        className="number"
        name="1"
        onClick={[Function]}
        type="button"
      >
        1
      </button>
      <button
        className="number"
        name="2"
        onClick={[Function]}
        type="button"
      >
        2
      </button>
      <button
        className="number"
        name="3"
        onClick={[Function]}
        type="button"
      >
        3
      </button>
      <button
        className="operator"
        name="÷"
        onClick={[Function]}
        type="button"
      >
        ÷
      </button>
      <button
        className="number zero"
        name="0"
        onClick={[Function]}
        type="button"
      >
        0
      </button>
      <button
        className="number"
        name="."
        onClick={[Function]}
        type="button"
      >
        .
      </button>
      <button
        className="operator"
        name="="
        onClick={[Function]}
        type="button"
      >
        =
      </button>
    </div>
  </div>
</div>
`;
